{
    "success": true,
    "data": "User created successfully."
}
