{
    "success": false,
    "data": {
        "errors": {
            "email": [
                "The email field is required."
            ]
        }
    }
}
