{
    "success": false,
    "data": {
        "errors": {
            "email": [
                "The email must be a valid email address."
            ]
        }
    }
}
