{
    "success": false,
    "data": {
        "errors": {
            "name": [
                "The name must be a string."
            ],
            "email": [
                "The email must be a valid email address."
            ],
            "password": [
                "The password must be at least 4 characters."
            ]
        }
    }
}
