{
    "success": false,
    "data": {
        "errors": {
            "password": [
                "The password must be at least 4 characters."
            ]
        }
    }
}
