{
    "success": false,
    "error": {
        "code": null,
        "message": "Invalid login details",
        "debugData": null
    }
}
