{
    "success": false,
    "data": {
        "errors": {
            "name": [
                "The name field is required."
            ]
        }
    }
}
