{
    "success": false,
    "data": {
        "errors": {
            "password": [
                "The password must be a string."
            ]
        }
    }
}
